<?xml version="1.0" encoding="UTF-8"?>
<testsuites name="jest tests" tests="2" failures="0" errors="0" time="0.668">
  <testsuite name="undefined" errors="0" failures="0" skipped="0" timestamp="2025-10-01T12:46:59" time="0.553" tests="2">
    <testcase classname=" initial task list is empty" name=" initial task list is empty" time="0.009">
    </testcase>
    <testcase classname=" ajoute une tâche valide" name=" ajoute une tâche valide" time="0.004">
    </testcase>
  </testsuite>
</testsuites>